%% OPmac - REF file (\inputref)
\Xrefversion{2}
\Xpage{1}
\Xpage{2}
\Xpage{3}
\Xpage{4}
\Xpage{5}
\Xpage{6}
\Xpage{7}
\Xpage{8}
\Xpage{9}
\Xpage{10}
\Xpage{11}
\Xpage{12}
\Xpage{13}
\Xpage{14}
\Xpage{15}
\Xpage{16}
\Xpage{17}
\Xpage{18}
\Xpage{19}
\Xpage{20}
\Xpage{21}
\Xpage{22}
\Xpage{23}
\Xpage{24}
\Xpage{25}
\Xpage{26}
\Xpage{26}
\Xpage{26}
\Xpage{27}
\Xpage{27}
\Xpage{28}
\Xpage{29}
\Xpage{30}
\Xpage{31}
\Xpage{32}
\Xpage{32}
\Xpage{33}
\Xpage{33}
\Xpage{34}
\Xpage{34}
\Xpage{35}
\Xpage{35}
\Xpage{35}
\Xpage{36}
\Xpage{36}
\Xpage{36}
\Xpage{36}
\Xpage{37}
\Xpage{37}
\Xpage{37}
\Xpage{37}
\Xpage{38}
\Xpage{38}
\Xpage{38}
\Xpage{39}
\Xpage{39}
\Xpage{39}
\Xpage{39}
\Xpage{40}
\Xpage{41}
\Xpage{42}
\Xpage{42}
\Xpage{42}
\Xpage{43}
\Xpage{43}
\Xpage{44}
\Xpage{44}
\Xpage{45}
\Xpage{46}
\Xpage{47}
\Xpage{47}
\Xpage{47}
\Xpage{48}
\Xpage{48}
\Xpage{49}
\Xpage{50}
\Xpage{50}
\Xpage{50}
\Xpage{51}
\Xpage{51}
\Xpage{52}
\Xpage{53}
\Xpage{53}
\Xpage{54}
\Xpage{55}
\Xpage{55}
\Xpage{55}
\Xpage{56}
\Xpage{56}
\Xpage{56}
\Xpage{57}
\Xpage{58}
\Xpage{58}
\Xpage{58}
\Xpage{59}
\Xpage{59}
\Xpage{60}
\Xpage{60}
\Xpage{60}
\Xpage{60}
\Xpage{61}
\Xpage{61}
\Xpage{61}
\Xpage{62}
\Xpage{62}
\Xpage{63}
\Xpage{63}
\Xpage{63}
\Xpage{64}
\Xpage{64}
\Xpage{64}
\Xpage{64}
\Xpage{65}
\Xpage{66}
\Xpage{66}
\Xpage{67}
\Xpage{68}
\Xpage{68}
\Xpage{69}
\Xpage{69}
\Xpage{69}
\Xpage{70}
\Xpage{70}
\Xpage{71}
\Xpage{71}
\Xpage{71}
\Xpage{72}
\Xpage{72}
\Xpage{72}
\Xpage{72}
\Xpage{73}
\Xpage{73}
\Xpage{73}
\Xpage{74}
\Xpage{74}
\Xpage{74}
\Xpage{75}
\Xpage{76}
