%% OPmac - REF file (\inputref)
\Xrefversion{2}
\Xpage{1}
\Xpage{2}
\Xpage{3}
\Xpage{4}
\Xpage{5}
\Xpage{6}
\Xpage{7}
\Xpage{8}
\Xpage{9}
\Xpage{10}
\Xpage{11}
\Xpage{12}
\Xpage{13}
\Xpage{14}
\Xpage{15}
\Xpage{16}
\Xpage{17}
\Xpage{18}
\Xpage{19}
\Xpage{20}
\Xpage{21}
\Xpage{22}
\Xpage{23}
\Xpage{24}
\Xpage{25}
