%% OPmac - REF file (\inputref)
\Xrefversion{2}
\Xpage{1}
\Xpage{2}
\Xpage{3}
\Xpage{3}
\Xpage{4}
\Xpage{5}
\Xpage{6}
\Xpage{6}
\Xpage{6}
\Xpage{6}
\Xpage{6}
\Xpage{7}
\Xpage{7}
\Xpage{8}
\Xpage{8}
\Xpage{9}
\Xpage{9}
\Xpage{10}
\Xpage{11}
\Xpage{11}
\Xpage{11}
\Xpage{11}
\Xpage{11}
\Xpage{11}
\Xpage{11}
\Xpage{12}
\Xpage{12}
\Xpage{13}
\Xfnote
\Xpage{13}
\Xfnote
\Xfnote
\Xpage{13}
\Xfnote
\Xfnote
\Xpage{14}
\Xpage{14}
